[technext.github.io/logistico/index.html]
[backblue.gif]
[fade.gif]
[index.html]
[technext.github.io/logistico/img/favicon.png]
[technext.github.io/logistico/css/bootstrap.min.css]
[technext.github.io/logistico/css/owl.carousel.min.css]
[technext.github.io/logistico/css/magnific-popup.css]
[technext.github.io/logistico/css/font-awesome.min.css]
[technext.github.io/logistico/css/themify-icons.css]
[technext.github.io/logistico/css/nice-select.css]
[technext.github.io/logistico/css/flaticon.css]
[technext.github.io/logistico/css/gijgo.css]
[technext.github.io/logistico/css/animate.css]
[technext.github.io/logistico/css/slick.css]
[technext.github.io/logistico/css/slicknav.css]
[technext.github.io/logistico/css/style.css]
[technext.github.io/logistico/img/logo.png]
[technext.github.io/logistico/service.html]
[technext.github.io/logistico/About.html]
[technext.github.io/logistico/service_details.html]
[technext.github.io/logistico/elements.html]
[technext.github.io/logistico/blog.html]
[technext.github.io/logistico/single-blog.html]
[technext.github.io/logistico/contact.html]
[technext.github.io/logistico/img/svg_icon/airplane.png]
[technext.github.io/logistico/img/svg_icon/live.png]
[technext.github.io/logistico/img/svg_icon/world.png]
[technext.github.io/logistico/img/service/1.png]
[technext.github.io/logistico/img/service/2.png]
[technext.github.io/logistico/img/service/3.png]
[technext.github.io/logistico/img/about/about.png]
[technext.github.io/logistico/about-2.html]
[technext.github.io/logistico/img/svg_icon/quote.svg]
[technext.github.io/logistico/img/case/testmonial.png]
[technext.github.io/logistico/img/icon/address.svg]
[technext.github.io/logistico/img/icon/support.svg]
[technext.github.io/logistico/js/vendor/modernizr-3.5.0.min.js]
[technext.github.io/logistico/js/vendor/jquery-1.12.4.min.js]
[technext.github.io/logistico/js/popper.min.js]
[technext.github.io/logistico/js/bootstrap.min.js]
[technext.github.io/logistico/js/owl.carousel.min.js]
[technext.github.io/logistico/js/isotope.pkgd.min.js]
[technext.github.io/logistico/js/ajax-form.js]
[technext.github.io/logistico/js/waypoints.min.js]
[technext.github.io/logistico/js/jquery.counterup.min.js]
[technext.github.io/logistico/js/imagesloaded.pkgd.min.js]
[technext.github.io/logistico/js/scrollIt.js]
[technext.github.io/logistico/js/jquery.scrollUp.min.js]
[technext.github.io/logistico/js/wow.min.js]
[technext.github.io/logistico/js/nice-select.min.js]
[technext.github.io/logistico/js/jquery.slicknav.min.js]
[technext.github.io/logistico/js/jquery.magnific-popup.min.js]
[technext.github.io/logistico/js/plugins.js]
[technext.github.io/logistico/js/slick.min.js]
[technext.github.io/logistico/js/contact.js]
[technext.github.io/logistico/js/jquery.ajaxchimp.min.js]
[technext.github.io/logistico/js/jquery.form.js]
[technext.github.io/logistico/js/jquery.validate.min.js]
[technext.github.io/logistico/js/mail-script.js]
[technext.github.io/logistico/index.html]
[technext.github.io/logistico/js/main.js]
[technext.github.io/logistico/css/bootstrap.min.css]
[technext.github.io/logistico/css/owl.video.play.png]
[technext.github.io/logistico/css/owl.carousel.min.css]
[technext.github.io/logistico/css/magnific-popup.css]
[technext.github.io/logistico/fonts/fontawesome-webfont3e6e.woff2]
[technext.github.io/logistico/fonts/fontawesome-webfontd41d.eot]
[technext.github.io/logistico/fonts/fontawesome-webfont3e6e.woff]
[technext.github.io/logistico/fonts/fontawesome-webfont3e6e.eot]
[technext.github.io/logistico/css/font-awesome.min.css]
[technext.github.io/logistico/fonts/fontawesome-webfont3e6e.ttf]
[technext.github.io/logistico/fonts/themify9f24.eot]
[technext.github.io/logistico/fonts/themify9f24.woff]
[technext.github.io/logistico/fonts/themifyd41d.eot]
[technext.github.io/logistico/fonts/fontawesome-webfont3e6e.svg]
[technext.github.io/logistico/fonts/themify9f24.ttf]
[technext.github.io/logistico/css/themify-icons.css]
[technext.github.io/logistico/css/nice-select.css]
[technext.github.io/logistico/fonts/Flaticon.eot]
[technext.github.io/logistico/fonts/themify9f24.svg]
[technext.github.io/logistico/fonts/Flaticond41d.eot]
[technext.github.io/logistico/fonts/Flaticon.woff2]
[technext.github.io/logistico/fonts/Flaticon.woff]
[technext.github.io/logistico/fonts/Flaticon.ttf]
[technext.github.io/logistico/fonts/Flaticon.svg]
[technext.github.io/logistico/css/Flaticon.svg]
[technext.github.io/logistico/css/flaticon.css]
[technext.github.io/logistico/fonts/gijgo-materialba15.eot]
[technext.github.io/logistico/fonts/gijgo-materialba15.ttf]
[technext.github.io/logistico/fonts/gijgo-materialba15.woff]
[technext.github.io/logistico/fonts/gijgo-materialba15.svg]
[technext.github.io/logistico/css/gijgo.css]
[technext.github.io/logistico/css/animate.css]
[technext.github.io/logistico/css/slick.css]
[technext.github.io/logistico/css/slicknav.css]
[ajax.googleapis.com/ajax/libs/jqueryui/1.11.2/themes/smoothness/images/ui-bg_flat_75_ffffff_40x100.png]
[ajax.googleapis.com/ajax/libs/jqueryui/1.11.2/themes/smoothness/images/ui-bg_highlight-soft_75_cccccc_1x100.png]
[ajax.googleapis.com/ajax/libs/jqueryui/1.11.2/themes/smoothness/images/ui-bg_glass_75_e6e6e6_1x400.png]
[ajax.googleapis.com/ajax/libs/jqueryui/1.11.2/themes/smoothness/images/ui-bg_glass_75_dadada_1x400.png]
[ajax.googleapis.com/ajax/libs/jqueryui/1.11.2/themes/smoothness/images/ui-bg_glass_65_ffffff_1x400.png]
[ajax.googleapis.com/ajax/libs/jqueryui/1.11.2/themes/smoothness/images/ui-bg_glass_55_fbf9ee_1x400.png]
[ajax.googleapis.com/ajax/libs/jqueryui/1.11.2/themes/smoothness/images/ui-bg_glass_95_fef1ec_1x400.png]
[ajax.googleapis.com/ajax/libs/jqueryui/1.11.2/themes/smoothness/images/ui-icons_222222_256x240.png]
[ajax.googleapis.com/ajax/libs/jqueryui/1.11.2/themes/smoothness/images/ui-icons_888888_256x240.png]
[ajax.googleapis.com/ajax/libs/jqueryui/1.11.2/themes/smoothness/images/ui-icons_454545_256x240.png]
[ajax.googleapis.com/ajax/libs/jqueryui/1.11.2/themes/smoothness/images/ui-icons_2e83ff_256x240.png]
[ajax.googleapis.com/ajax/libs/jqueryui/1.11.2/themes/smoothness/images/ui-icons_cd0a0a_256x240.png]
[ajax.googleapis.com/ajax/libs/jqueryui/1.11.2/themes/smoothness/images/ui-bg_flat_0_aaaaaa_40x100.png]
[ajax.googleapis.com/ajax/libs/jqueryui/1.11.2/themes/smoothness/jquery-ui.css]
[technext.github.io/logistico/img/slider/slider-img-1.jpg]
[technext.github.io/logistico/img/background-img/bg-img-2.jpg]
[technext.github.io/logistico/img/background-img/bg-img-3.jpg]
[technext.github.io/logistico/img/banner/banner.png]
[technext.github.io/logistico/img/banner/banner_2.63.delayed]
[technext.github.io/logistico/img/banner/property.png]
[technext.github.io/logistico/img/about/0ffcan.png]
[technext.github.io/logistico/img/banner/testmonial.png]
[technext.github.io/logistico/img/banner/info_banner.png]
[technext.github.io/logistico/img/banner/contact_bg.png]
[technext.github.io/logistico/img/svg_icon/check.svg]
[technext.github.io/logistico/img/banner/Estimate_bg.png]
[technext.github.io/logistico/img/video/video.6b.delayed]
[technext.github.io/logistico/img/banner/bradcam.png]
[technext.github.io/logistico/img/banner/bradcam2.png]
[technext.github.io/logistico/img/banner/emergency-1.6e.delayed]
[technext.github.io/logistico/img/banner/emergency-2.png]
[technext.github.io/logistico/img/elements/primary-check.png]
[technext.github.io/logistico/img/elements/success-check.png]
[technext.github.io/logistico/img/elements/disabled-check.png]
[technext.github.io/logistico/img/elements/primary-radio.png]
[technext.github.io/logistico/img/elements/success-radio.png]
[technext.github.io/logistico/img/elements/disabled-radio.png]
[technext.github.io/logistico/css/style.css]
[technext.github.io/logistico/img/service/4.png]
[technext.github.io/logistico/img/service/5.png]
[technext.github.io/logistico/img/service/6.png]
[technext.github.io/logistico/service.html]
[technext.github.io/logistico/About.html]
[technext.github.io/logistico/img/service/service_details.png]
[technext.github.io/logistico/img/svg_icon/download.svg]
[technext.github.io/logistico/service_details.html]
[technext.github.io/logistico/img/elements/d.jpg]
[technext.github.io/logistico/img/elements/f1.jpg]
[technext.github.io/logistico/img/elements/f2.jpg]
[technext.github.io/logistico/img/elements/f3.jpg]
[technext.github.io/logistico/img/elements/f4.jpg]
[technext.github.io/logistico/img/elements/f5.jpg]
[technext.github.io/logistico/img/elements/f6.jpg]
[technext.github.io/logistico/img/elements/f7.jpg]
[technext.github.io/logistico/img/elements/f8.jpg]
[technext.github.io/logistico/img/elements/g1.jpg]
[technext.github.io/logistico/img/elements/g2.jpg]
[technext.github.io/logistico/img/elements/g3.jpg]
[technext.github.io/logistico/img/elements/g4.jpg]
[technext.github.io/logistico/img/elements/g5.jpg]
[technext.github.io/logistico/img/elements/g6.jpg]
[technext.github.io/logistico/img/elements/g7.jpg]
[technext.github.io/logistico/img/elements/g8.jpg]
[technext.github.io/logistico/elements.html]
[technext.github.io/logistico/js/gijgo.min.js]
[technext.github.io/logistico/img/blog/single_blog_1.png]
[technext.github.io/logistico/img/blog/single_blog_2.png]
[technext.github.io/logistico/img/blog/single_blog_3.png]
[technext.github.io/logistico/img/blog/single_blog_4.png]
[technext.github.io/logistico/img/blog/single_blog_5.png]
[technext.github.io/logistico/img/post/post_1.png]
[technext.github.io/logistico/img/post/post_2.png]
[technext.github.io/logistico/img/post/post_3.png]
[technext.github.io/logistico/img/post/post_4.png]
[technext.github.io/logistico/img/post/post_5.png]
[technext.github.io/logistico/img/post/post_6.png]
[technext.github.io/logistico/img/post/post_7.png]
[technext.github.io/logistico/img/post/post_8.png]
[technext.github.io/logistico/img/post/post_9.png]
[technext.github.io/logistico/img/post/post_10.png]
[technext.github.io/logistico/blog.html]
[technext.github.io/logistico/img/post/preview.png]
[technext.github.io/logistico/img/post/next.png]
[technext.github.io/logistico/img/blog/author.png]
[technext.github.io/logistico/img/comment/comment_1.png]
[technext.github.io/logistico/img/comment/comment_2.png]
[technext.github.io/logistico/img/comment/comment_3.png]
[technext.github.io/logistico/single-blog.html]
[technext.github.io/logistico/_https_/maps.gstatic.com/mapfiles/openhand_8_8.cur_]
[maps.gstatic.com/mapfiles/api-3/images/google_white5.png]
[technext.github.io/logistico/img/footer_logo.png]
[technext.github.io/logistico/contact.html]
[technext.github.io/logistico/about-2.html]
[technext.github.io/logistico/img/svg_icon/quote.svg]
[technext.github.io/logistico/img/icon/address.svg]
[technext.github.io/logistico/img/icon/support.svg]
[technext.github.io/logistico/css/owl.video.play.html]
[technext.github.io/logistico/fonts/fontawesome-webfont3e6e.svg]
[technext.github.io/logistico/fonts/themify9f24.svg]
[technext.github.io/logistico/fonts/Flaticon.svg]
[technext.github.io/logistico/css/Flaticon.html]
[technext.github.io/logistico/fonts/gijgo-materialba15.svg]
[technext.github.io/logistico/img/slider/slider-img-1.html]
[technext.github.io/logistico/img/background-img/bg-img-2.html]
[technext.github.io/logistico/img/background-img/bg-img-3.html]
[technext.github.io/logistico/img/banner/banner_2.html]
[technext.github.io/logistico/img/banner/property.html]
[technext.github.io/logistico/img/svg_icon/check.svg]
[technext.github.io/logistico/img/video/video.html]
[technext.github.io/logistico/img/banner/emergency-1.html]
[technext.github.io/logistico/img/banner/emergency-2.html]
[technext.github.io/logistico/img/svg_icon/download.svg]
[technext.github.io/logistico/_https_/maps.gstatic.com/mapfiles/openhand_8_8.html]
